Error al actualizar al paciente: 44445555ENhc: 2323232